gcc -g p1original.c
îº§ gdb a.out
GNU gdb (Ubuntu 8.1.1-0ubuntu1) 8.1.1
Copyright (C) 2018 Free Software Foundation, Inc.
License GPLv3+: GNU GPL version 3 or later <http://gnu.org/licenses/gpl.html>
This is free software: you are free to change and redistribute it.
There is NO WARRANTY, to the extent permitted by law.  Type "show copying"
and "show warranty" for details.
This GDB was configured as "x86_64-linux-gnu".
Type "show configuration" for configuration details.
For bug reporting instructions, please see:
<http://www.gnu.org/software/gdb/bugs/>.
Find the GDB manual and other documentation resources online at:
<http://www.gnu.org/software/gdb/documentation/>.
For help, type "help".
Type "apropos word" to search for commands related to "word"...
Reading symbols from a.out...done.
(gdb) b main
Breakpoint 1 at 0x7fc: file p1original.c, line 17.
(gdb) r
Starting program: /home/runner/pps-IA1-practice-9/a.out 
warning: Error disabling address space randomization: Operation not permitted

Breakpoint 1, main () at p1original.c:17
17  {
(gdb) n
19    input(&x,&y);
(gdb) s
input (a=0x7ffe1e2565cc, b=0x7ffe1e2565d0) at p1original.c:5
5     printf("enter any two number\n");
(gdb) n
enter any two number
6     scanf("%d%d",a,b);
(gdb) n
56  89
7   }
(gdb) n
main () at p1original.c:20
20    add(x,y,&z);
(gdb) s
add (a=56, b=89, sum=0x7ffe1e2565d4) at p1original.c:10
10    *sum=a+b;
(gdb) n
11  }
(gdb) n
main () at p1original.c:21
21    output(x,y,z);
(gdb) s
output (a=56, b=89, sum=145) at p1original.c:14
14    printf("The sum of %d+%d=%d",a,b,sum);
(gdb) n
15  }
(gdb) c
Continuing.
The sum of 56+89=145[Inferior 1 (process 86) exited normally]
(gdb) 