gcc -g p2original.c
îº§ gdb a.out
GNU gdb (Ubuntu 8.1.1-0ubuntu1) 8.1.1
Copyright (C) 2018 Free Software Foundation, Inc.
License GPLv3+: GNU GPL version 3 or later <http://gnu.org/licenses/gpl.html>
This is free software: you are free to change and redistribute it.
There is NO WARRANTY, to the extent permitted by law.  Type "show copying"
and "show warranty" for details.
This GDB was configured as "x86_64-linux-gnu".
Type "show configuration" for configuration details.
For bug reporting instructions, please see:
<http://www.gnu.org/software/gdb/bugs/>.
Find the GDB manual and other documentation resources online at:
<http://www.gnu.org/software/gdb/documentation/>.
For help, type "help".
Type "apropos word" to search for commands related to "word"...
Reading symbols from a.out...done.
(gdb) b main
Breakpoint 1 at 0x82c: file p2original.c, line 43.
(gdb) r
Starting program: /home/runner/pps-IA1-practice-9/a.out 
warning: Error disabling address space randomization: Operation not permitted

Breakpoint 1, main () at p2original.c:43
43     a=input();
(gdb) s
input () at p2original.c:30
30   {
(gdb) n
32     printf("enter the number\n");
(gdb) n
enter the number
33     scanf("%d",&x);
(gdb) n
34
34    return x;
(gdb) n
35   }
(gdb) n
main () at p2original.c:44
44     b=input();
(gdb) s
input () at p2original.c:30
30   {
(gdb) n
32     printf("enter the number\n");
(gdb) n
enter the number
33     scanf("%d",&x);
(gdb) n
55
34    return x;
(gdb) n
35   }
(gdb) n
main () at p2original.c:45
45     c=input();
(gdb) s
input () at p2original.c:30
30   {
(gdb) n
32     printf("enter the number\n");
(gdb) n
enter the number
33     scanf("%d",&x);
(gdb) n
76
34    return x;
(gdb) n
35   }
(gdb) n
main () at p2original.c:46
46     large=cmp(a,b,c);
(gdb) s
cmp (a=34, b=55, c=76) at p2original.c:4
4     if(a>b)
(gdb) n
18      if(b>c)
(gdb) n
25        return c;
(gdb) n
28  }    
(gdb) n
main () at p2original.c:47
47     output(a,b,c,large);
(gdb) s
output (a=34, b=55, c=76, large=76) at p2original.c:38
38     printf("%d is the largest of three numbers",large);
(gdb) n
39   }
(gdb) c
Continuing.
76 is the largest of three numbers[Inferior 1 (process 264) exited normally]
(gdb) 