
gcc -g p11original.c
 gdb a.out
GNU gdb (Ubuntu 8.1.1-0ubuntu1) 8.1.1
Copyright (C) 2018 Free Software Foundation, Inc.
License GPLv3+: GNU GPL version 3 or later <http://gnu.org/licenses/gpl.html>
This is free software: you are free to change and redistribute it.
There is NO WARRANTY, to the extent permitted by law.  Type "show copying"
and "show warranty" for details.
This GDB was configured as "x86_64-linux-gnu".
Type "show configuration" for configuration details.
For bug reporting instructions, please see:
<http://www.gnu.org/software/gdb/bugs/>.
Find the GDB manual and other documentation resources online at:
<http://www.gnu.org/software/gdb/documentation/>.
For help, type "help".
Type "apropos word" to search for commands related to "word"...
Reading symbols from a.out...done.
(gdb) b main
Breakpoint 1 at 0x978: file p11original.c, line 47.
(gdb) r
Starting program: /home/runner/pps-test1-DivyaL2-24/a.out 
warning: Error disabling address space randomization: Operation not permitted

Breakpoint 1, main () at p11original.c:47
warning: Source file is more recent than executable.
47  int main()
(gdb) n
50    int n;
(gdb) n
enter the number of complex numbers
51    printf("enter the number of complex numbers\n");
(gdb) n
4
52    n=get_n();
(gdb) n
53    struct complex c[n];
(gdb) n
enter the 4 complex numbers(a+ib)in the form(a,b)
54    printf("enter the %d complex numbers(a+ib)in the form(a,b)\n",n);
(gdb) n
4 5
78
3 7
2 9
3 4
 
 gcc -g p11original.c
 gdb a.out
GNU gdb (Ubuntu 8.1.1-0ubuntu1) 8.1.1
Copyright (C) 2018 Free Software Foundation, Inc.
License GPLv3+: GNU GPL version 3 or later <http://gnu.org/licenses/gpl.html>
This is free software: you are free to change and redistribute it.
There is NO WARRANTY, to the extent permitted by law.  Type "show copying"
and "show warranty" for details.
This GDB was configured as "x86_64-linux-gnu".
Type "show configuration" for configuration details.
For bug reporting instructions, please see:
<http://www.gnu.org/software/gdb/bugs/>.
Find the GDB manual and other documentation resources online at:
<http://www.gnu.org/software/gdb/documentation/>.
For help, type "help".
Type "apropos word" to search for commands related to "word"...
Reading symbols from a.out...done.
(gdb) bmain
Undefined command: "bmain".  Try "help".
(gdb) b main
Breakpoint 1 at 0x978: file p11original.c, line 48.
(gdb) r
Starting program: /home/runner/pps-test1-DivyaL2-24/a.out 
warning: Error disabling address space randomization: Operation not permitted

Breakpoint 1, main () at p11original.c:48
48  {
(gdb) n
51    printf("enter the number of complex numbers\n");
(gdb) n
enter the number of complex numbers
52    n=get_n();
(gdb) n
4
53    struct complex c[n];
(gdb) n
54    printf("enter the %d complex numbers(a+ib)in the form(a,b)\n",n);
(gdb) n
enter the 4 complex numbers(a+ib)in the form(a,b)
55    input_n_complex(n,c);
(gdb) n
4 5
3 9
2 8
6 7
56    sum=add_n_complex(n,c);
(gdb) n
57    output(n,c,sum);
(gdb) n
4+5i
+3+9i
+2+8i
+6+7i
=15+29i
58    return 0;
(gdb) c
Continuing.
[Inferior 1 (process 293) exited normally]
(gdb) 